// Jest Snapshot v1, https://jestjs.io/docs/snapshot-testing

exports[`AnalysisLambdaConstruct matches snapshot 1`] = `
{
  "Parameters": {
    "BootstrapVersion": {
      "Default": "/cdk-bootstrap/hnb659fds/version",
      "Description": "Version of the CDK Bootstrap resources in this environment, automatically retrieved from SSM Parameter Store. [cdk:skip]",
      "Type": "AWS::SSM::Parameter::Value<String>",
    },
  },
  "Resources": {
    "AnalysisLambdaAnalysisFunctionC2B45276": {
      "DependsOn": [
        "TestRoleDefaultPolicyD1C92014",
        "TestRole6C9272DF",
      ],
      "Properties": {
        "Architectures": [
          "arm64",
        ],
        "Code": {
          "ImageUri": {
            "Fn::Sub": "\${AWS::AccountId}.dkr.ecr.\${AWS::Region}.\${AWS::URLSuffix}/cdk-hnb659fds-container-assets-\${AWS::AccountId}-\${AWS::Region}:9e8b2a31c8f3367df45cfa6cc6b3e09277e7e4af4117f04c2d8917fc5ad7e967",
          },
        },
        "FunctionName": "horizon-dev-analysis",
        "LoggingConfig": {
          "LogGroup": {
            "Ref": "AnalysisLambdaAnalysisLogGroupFB11C139",
          },
        },
        "MemorySize": 3008,
        "PackageType": "Image",
        "Role": {
          "Fn::GetAtt": [
            "TestRole6C9272DF",
            "Arn",
          ],
        },
        "Timeout": 932,
      },
      "Type": "AWS::Lambda::Function",
    },
    "AnalysisLambdaAnalysisFunctionSqsEventSourceTestStackTestQueue2FAB6333D03A03C6": {
      "Properties": {
        "BatchSize": 1,
        "EventSourceArn": {
          "Fn::GetAtt": [
            "TestQueue6F0069AA",
            "Arn",
          ],
        },
        "FunctionName": {
          "Ref": "AnalysisLambdaAnalysisFunctionC2B45276",
        },
        "FunctionResponseTypes": [
          "ReportBatchItemFailures",
        ],
      },
      "Type": "AWS::Lambda::EventSourceMapping",
    },
    "AnalysisLambdaAnalysisLogGroupFB11C139": {
      "DeletionPolicy": "Delete",
      "Properties": {
        "LogGroupName": "/aws/lambda/horizon-dev-analysis",
        "RetentionInDays": 30,
      },
      "Type": "AWS::Logs::LogGroup",
      "UpdateReplacePolicy": "Delete",
    },
    "TestQueue6F0069AA": {
      "DeletionPolicy": "Delete",
      "Type": "AWS::SQS::Queue",
      "UpdateReplacePolicy": "Delete",
    },
    "TestRole6C9272DF": {
      "Properties": {
        "AssumeRolePolicyDocument": {
          "Statement": [
            {
              "Action": "sts:AssumeRole",
              "Effect": "Allow",
              "Principal": {
                "Service": "lambda.amazonaws.com",
              },
            },
          ],
          "Version": "2012-10-17",
        },
      },
      "Type": "AWS::IAM::Role",
    },
    "TestRoleDefaultPolicyD1C92014": {
      "Properties": {
        "PolicyDocument": {
          "Statement": [
            {
              "Action": [
                "sqs:ReceiveMessage",
                "sqs:ChangeMessageVisibility",
                "sqs:GetQueueUrl",
                "sqs:DeleteMessage",
                "sqs:GetQueueAttributes",
              ],
              "Effect": "Allow",
              "Resource": {
                "Fn::GetAtt": [
                  "TestQueue6F0069AA",
                  "Arn",
                ],
              },
            },
          ],
          "Version": "2012-10-17",
        },
        "PolicyName": "TestRoleDefaultPolicyD1C92014",
        "Roles": [
          {
            "Ref": "TestRole6C9272DF",
          },
        ],
      },
      "Type": "AWS::IAM::Policy",
    },
  },
  "Rules": {
    "CheckBootstrapVersion": {
      "Assertions": [
        {
          "Assert": {
            "Fn::Not": [
              {
                "Fn::Contains": [
                  [
                    "1",
                    "2",
                    "3",
                    "4",
                    "5",
                  ],
                  {
                    "Ref": "BootstrapVersion",
                  },
                ],
              },
            ],
          },
          "AssertDescription": "CDK bootstrap stack version 6 required. Please run 'cdk bootstrap' with a recent version of the CDK CLI.",
        },
      ],
    },
  },
}
`;
